// Jest Snapshot v1, https://goo.gl/fbAQLP

exports[`Friend Request Form matches snapshot 1`] = `
<div>
  <button
    class="add-btn"
  >
    Add Friend
  </button>
</div>
`;
